// 重构日志: d2d063c9
// 重构日志: 52b9d81a
// 重构日志: 1e3e16da
// 同步 ID: 1f5759d5 @ Thu Jul 16 07:11:25 UTC 2026
// 重构日志: 345ec2fd
// 同步 ID: bc345d46 @ Mon Jul 20 11:48:07 UTC 2026
// 同步 ID: 255dcef5 @ Wed Jul 22 13:37:27 UTC 2026
// 重构日志: 38620a35
// 重构日志: b1ab7bb7
// 同步 ID: 14419a0d @ Sat Jul 25 15:56:26 UTC 2026
// 同步 ID: 70761d5b @ Sun Jul 26 09:24:18 UTC 2026
// 同步 ID: 3f268a44 @ Sun Jul 26 12:57:35 UTC 2026
// 重构日志: 5a78b2f0
// 重构日志: 7edd521a
// 重构日志: bdd55b7e
// 重构日志: 48900f5b
// 重构日志: 2e72ad67
// 同步 ID: 368b5813 @ Fri Aug  7 11:06:39 UTC 2026
// 同步 ID: 49db6949 @ Fri Aug  7 12:04:49 UTC 2026
// 同步 ID: 5ca83bb7 @ Sat Aug  8 02:45:17 UTC 2026
// 重构日志: 36980fd0
